// Jest Snapshot v1, https://jestjs.io/docs/snapshot-testing

exports[`COMMON TESTS should render with default options 1`] = `
<View
  className=""
  style={{}}
  testID="calendar"
>
  <View
    style={
      [
        {
          "paddingVertical": 3,
        },
        undefined,
      ]
    }
  >
    <View
      style={
        {
          "alignItems": "center",
          "flexDirection": "row",
          "gap": 20,
          "justifyContent": "space-between",
          "padding": 5,
        }
      }
    >
      <View
        accessibilityLabel="Prev"
        accessibilityRole="button"
        accessibilityState={
          {
            "busy": undefined,
            "checked": undefined,
            "disabled": false,
            "expanded": undefined,
            "selected": undefined,
          }
        }
        accessibilityValue={
          {
            "max": undefined,
            "min": undefined,
            "now": undefined,
            "text": undefined,
          }
        }
        accessible={true}
        collapsable={false}
        focusable={true}
        onBlur={[Function]}
        onClick={[Function]}
        onFocus={[Function]}
        onResponderGrant={[Function]}
        onResponderMove={[Function]}
        onResponderRelease={[Function]}
        onResponderTerminate={[Function]}
        onResponderTerminationRequest={[Function]}
        onStartShouldSetResponder={[Function]}
        testID="btn-prev"
      >
        <View
          style={
            [
              {
                "padding": 4,
              },
              {
                "marginLeft": 0,
                "marginRight": 3,
              },
              undefined,
            ]
          }
        >
          <Text
            style={
              {
                "color": "hsl(240 10% 3.9%)",
                "fontSize": 20,
              }
            }
          >
            ‹
          </Text>
        </View>
      </View>
      <View
        style={
          [
            {
              "alignItems": "center",
              "flex": 1,
              "flexDirection": "row",
            },
            {
              "justifyContent": "space-evenly",
            },
          ]
        }
      >
        <View
          style={
            {
              "alignItems": "center",
              "flexDirection": "row",
              "gap": 5,
            }
          }
        >
          <View
            accessibilityLabel="March"
            accessibilityRole="button"
            accessibilityState={
              {
                "busy": undefined,
                "checked": undefined,
                "disabled": undefined,
                "expanded": undefined,
                "selected": undefined,
              }
            }
            accessibilityValue={
              {
                "max": undefined,
                "min": undefined,
                "now": undefined,
                "text": undefined,
              }
            }
            accessible={true}
            collapsable={false}
            focusable={true}
            onBlur={[Function]}
            onClick={[Function]}
            onFocus={[Function]}
            onResponderGrant={[Function]}
            onResponderMove={[Function]}
            onResponderRelease={[Function]}
            onResponderTerminate={[Function]}
            onResponderTerminationRequest={[Function]}
            onStartShouldSetResponder={[Function]}
            testID="btn-month"
          >
            <View>
              <Text>
                March
              </Text>
            </View>
          </View>
          <View
            accessibilityLabel="2024"
            accessibilityRole="button"
            accessibilityState={
              {
                "busy": undefined,
                "checked": undefined,
                "disabled": undefined,
                "expanded": undefined,
                "selected": undefined,
              }
            }
            accessibilityValue={
              {
                "max": undefined,
                "min": undefined,
                "now": undefined,
                "text": undefined,
              }
            }
            accessible={true}
            collapsable={false}
            focusable={true}
            onBlur={[Function]}
            onClick={[Function]}
            onFocus={[Function]}
            onResponderGrant={[Function]}
            onResponderMove={[Function]}
            onResponderRelease={[Function]}
            onResponderTerminate={[Function]}
            onResponderTerminationRequest={[Function]}
            onStartShouldSetResponder={[Function]}
            testID="btn-year"
          >
            <View
              style={
                [
                  {
                    "alignItems": "center",
                    "justifyContent": "center",
                  },
                  undefined,
                ]
              }
            >
              <Text>
                2024
              </Text>
            </View>
          </View>
        </View>
      </View>
      <View
        accessibilityLabel="Next"
        accessibilityRole="button"
        accessibilityState={
          {
            "busy": undefined,
            "checked": undefined,
            "disabled": false,
            "expanded": undefined,
            "selected": undefined,
          }
        }
        accessibilityValue={
          {
            "max": undefined,
            "min": undefined,
            "now": undefined,
            "text": undefined,
          }
        }
        accessible={true}
        collapsable={false}
        focusable={true}
        onBlur={[Function]}
        onClick={[Function]}
        onFocus={[Function]}
        onResponderGrant={[Function]}
        onResponderMove={[Function]}
        onResponderRelease={[Function]}
        onResponderTerminate={[Function]}
        onResponderTerminationRequest={[Function]}
        onStartShouldSetResponder={[Function]}
        testID="btn-next"
      >
        <View
          style={
            [
              {
                "padding": 4,
              },
              {
                "marginLeft": 3,
                "marginRight": 0,
              },
              undefined,
            ]
          }
        >
          <Text
            style={
              {
                "color": "hsl(240 10% 3.9%)",
                "fontSize": 20,
              }
            }
          >
            ›
          </Text>
        </View>
      </View>
    </View>
  </View>
  <View
    style={
      {
        "height": 300,
      }
    }
  >
    <View
      style={
        {
          "height": "100%",
          "width": "100%",
        }
      }
      testID="day-selector"
    >
      <View
        style={
          [
            {
              "alignItems": "center",
              "flexDirection": "row",
              "height": 25,
            },
            undefined,
          ]
        }
        testID="weekdays"
      >
        <View
          style={
            [
              {
                "alignItems": "center",
                "justifyContent": "center",
                "width": "14.271428571428572%",
              },
              undefined,
            ]
          }
        >
          <Text>
            Su
          </Text>
        </View>
        <View
          style={
            [
              {
                "alignItems": "center",
                "justifyContent": "center",
                "width": "14.271428571428572%",
              },
              undefined,
            ]
          }
        >
          <Text>
            Mo
          </Text>
        </View>
        <View
          style={
            [
              {
                "alignItems": "center",
                "justifyContent": "center",
                "width": "14.271428571428572%",
              },
              undefined,
            ]
          }
        >
          <Text>
            Tu
          </Text>
        </View>
        <View
          style={
            [
              {
                "alignItems": "center",
                "justifyContent": "center",
                "width": "14.271428571428572%",
              },
              undefined,
            ]
          }
        >
          <Text>
            We
          </Text>
        </View>
        <View
          style={
            [
              {
                "alignItems": "center",
                "justifyContent": "center",
                "width": "14.271428571428572%",
              },
              undefined,
            ]
          }
        >
          <Text>
            Th
          </Text>
        </View>
        <View
          style={
            [
              {
                "alignItems": "center",
                "justifyContent": "center",
                "width": "14.271428571428572%",
              },
              undefined,
            ]
          }
        >
          <Text>
            Fr
          </Text>
        </View>
        <View
          style={
            [
              {
                "alignItems": "center",
                "justifyContent": "center",
                "width": "14.271428571428572%",
              },
              undefined,
            ]
          }
        >
          <Text>
            Sa
          </Text>
        </View>
      </View>
      <View
        style={
          [
            {
              "alignContent": "flex-start",
              "flexDirection": "row",
              "flexWrap": "wrap",
              "height": "100%",
              "width": "100%",
            },
            undefined,
          ]
        }
        testID="days"
      >
        <View
          style={
            {
              "width": "14.271428571428572%",
            }
          }
        />
        <View
          style={
            {
              "width": "14.271428571428572%",
            }
          }
        />
        <View
          style={
            {
              "width": "14.271428571428572%",
            }
          }
        />
        <View
          style={
            {
              "width": "14.271428571428572%",
            }
          }
        />
        <View
          style={
            {
              "width": "14.271428571428572%",
            }
          }
        />
        <View
          style={
            {
              "width": "14.271428571428572%",
            }
          }
        >
          <View
            style={
              [
                {
                  "minHeight": 45.833333333333336,
                },
                undefined,
              ]
            }
          >
            <View
              accessibilityLabel="1"
              accessibilityRole="button"
              accessibilityState={
                {
                  "busy": undefined,
                  "checked": undefined,
                  "disabled": false,
                  "expanded": undefined,
                  "selected": undefined,
                }
              }
              accessibilityValue={
                {
                  "max": undefined,
                  "min": undefined,
                  "now": undefined,
                  "text": undefined,
                }
              }
              accessible={true}
              className=""
              collapsable={false}
              focusable={true}
              onBlur={[Function]}
              onClick={[Function]}
              onFocus={[Function]}
              onResponderGrant={[Function]}
              onResponderMove={[Function]}
              onResponderRelease={[Function]}
              onResponderTerminate={[Function]}
              onResponderTerminationRequest={[Function]}
              onStartShouldSetResponder={[Function]}
              style={
                {
                  "alignItems": "center",
                  "flex": 1,
                  "justifyContent": "center",
                }
              }
            >
              <Text
                className=""
                style={{}}
              >
                1
              </Text>
            </View>
          </View>
        </View>
        <View
          style={
            {
              "width": "14.271428571428572%",
            }
          }
        >
          <View
            style={
              [
                {
                  "minHeight": 45.833333333333336,
                },
                undefined,
              ]
            }
          >
            <View
              accessibilityLabel="2"
              accessibilityRole="button"
              accessibilityState={
                {
                  "busy": undefined,
                  "checked": undefined,
                  "disabled": false,
                  "expanded": undefined,
                  "selected": undefined,
                }
              }
              accessibilityValue={
                {
                  "max": undefined,
                  "min": undefined,
                  "now": undefined,
                  "text": undefined,
                }
              }
              accessible={true}
              className=""
              collapsable={false}
              focusable={true}
              onBlur={[Function]}
              onClick={[Function]}
              onFocus={[Function]}
              onResponderGrant={[Function]}
              onResponderMove={[Function]}
              onResponderRelease={[Function]}
              onResponderTerminate={[Function]}
              onResponderTerminationRequest={[Function]}
              onStartShouldSetResponder={[Function]}
              style={
                {
                  "alignItems": "center",
                  "flex": 1,
                  "justifyContent": "center",
                }
              }
            >
              <Text
                className=""
                style={{}}
              >
                2
              </Text>
            </View>
          </View>
        </View>
        <View
          style={
            {
              "width": "14.271428571428572%",
            }
          }
        >
          <View
            style={
              [
                {
                  "minHeight": 45.833333333333336,
                },
                undefined,
              ]
            }
          >
            <View
              accessibilityLabel="3"
              accessibilityRole="button"
              accessibilityState={
                {
                  "busy": undefined,
                  "checked": undefined,
                  "disabled": false,
                  "expanded": undefined,
                  "selected": undefined,
                }
              }
              accessibilityValue={
                {
                  "max": undefined,
                  "min": undefined,
                  "now": undefined,
                  "text": undefined,
                }
              }
              accessible={true}
              className=""
              collapsable={false}
              focusable={true}
              onBlur={[Function]}
              onClick={[Function]}
              onFocus={[Function]}
              onResponderGrant={[Function]}
              onResponderMove={[Function]}
              onResponderRelease={[Function]}
              onResponderTerminate={[Function]}
              onResponderTerminationRequest={[Function]}
              onStartShouldSetResponder={[Function]}
              style={
                {
                  "alignItems": "center",
                  "flex": 1,
                  "justifyContent": "center",
                }
              }
            >
              <Text
                className=""
                style={{}}
              >
                3
              </Text>
            </View>
          </View>
        </View>
        <View
          style={
            {
              "width": "14.271428571428572%",
            }
          }
        >
          <View
            style={
              [
                {
                  "minHeight": 45.833333333333336,
                },
                undefined,
              ]
            }
          >
            <View
              accessibilityLabel="4"
              accessibilityRole="button"
              accessibilityState={
                {
                  "busy": undefined,
                  "checked": undefined,
                  "disabled": false,
                  "expanded": undefined,
                  "selected": undefined,
                }
              }
              accessibilityValue={
                {
                  "max": undefined,
                  "min": undefined,
                  "now": undefined,
                  "text": undefined,
                }
              }
              accessible={true}
              className=""
              collapsable={false}
              focusable={true}
              onBlur={[Function]}
              onClick={[Function]}
              onFocus={[Function]}
              onResponderGrant={[Function]}
              onResponderMove={[Function]}
              onResponderRelease={[Function]}
              onResponderTerminate={[Function]}
              onResponderTerminationRequest={[Function]}
              onStartShouldSetResponder={[Function]}
              style={
                {
                  "alignItems": "center",
                  "flex": 1,
                  "justifyContent": "center",
                }
              }
            >
              <Text
                className=""
                style={{}}
              >
                4
              </Text>
            </View>
          </View>
        </View>
        <View
          style={
            {
              "width": "14.271428571428572%",
            }
          }
        >
          <View
            style={
              [
                {
                  "minHeight": 45.833333333333336,
                },
                undefined,
              ]
            }
          >
            <View
              accessibilityLabel="5"
              accessibilityRole="button"
              accessibilityState={
                {
                  "busy": undefined,
                  "checked": undefined,
                  "disabled": false,
                  "expanded": undefined,
                  "selected": undefined,
                }
              }
              accessibilityValue={
                {
                  "max": undefined,
                  "min": undefined,
                  "now": undefined,
                  "text": undefined,
                }
              }
              accessible={true}
              className=""
              collapsable={false}
              focusable={true}
              onBlur={[Function]}
              onClick={[Function]}
              onFocus={[Function]}
              onResponderGrant={[Function]}
              onResponderMove={[Function]}
              onResponderRelease={[Function]}
              onResponderTerminate={[Function]}
              onResponderTerminationRequest={[Function]}
              onStartShouldSetResponder={[Function]}
              style={
                {
                  "alignItems": "center",
                  "flex": 1,
                  "justifyContent": "center",
                }
              }
            >
              <Text
                className=""
                style={{}}
              >
                5
              </Text>
            </View>
          </View>
        </View>
        <View
          style={
            {
              "width": "14.271428571428572%",
            }
          }
        >
          <View
            style={
              [
                {
                  "minHeight": 45.833333333333336,
                },
                undefined,
              ]
            }
          >
            <View
              accessibilityLabel="6"
              accessibilityRole="button"
              accessibilityState={
                {
                  "busy": undefined,
                  "checked": undefined,
                  "disabled": false,
                  "expanded": undefined,
                  "selected": undefined,
                }
              }
              accessibilityValue={
                {
                  "max": undefined,
                  "min": undefined,
                  "now": undefined,
                  "text": undefined,
                }
              }
              accessible={true}
              className=""
              collapsable={false}
              focusable={true}
              onBlur={[Function]}
              onClick={[Function]}
              onFocus={[Function]}
              onResponderGrant={[Function]}
              onResponderMove={[Function]}
              onResponderRelease={[Function]}
              onResponderTerminate={[Function]}
              onResponderTerminationRequest={[Function]}
              onStartShouldSetResponder={[Function]}
              style={
                {
                  "alignItems": "center",
                  "flex": 1,
                  "justifyContent": "center",
                }
              }
            >
              <Text
                className=""
                style={{}}
              >
                6
              </Text>
            </View>
          </View>
        </View>
        <View
          style={
            {
              "width": "14.271428571428572%",
            }
          }
        >
          <View
            style={
              [
                {
                  "minHeight": 45.833333333333336,
                },
                undefined,
              ]
            }
          >
            <View
              accessibilityLabel="7"
              accessibilityRole="button"
              accessibilityState={
                {
                  "busy": undefined,
                  "checked": undefined,
                  "disabled": false,
                  "expanded": undefined,
                  "selected": undefined,
                }
              }
              accessibilityValue={
                {
                  "max": undefined,
                  "min": undefined,
                  "now": undefined,
                  "text": undefined,
                }
              }
              accessible={true}
              className=""
              collapsable={false}
              focusable={true}
              onBlur={[Function]}
              onClick={[Function]}
              onFocus={[Function]}
              onResponderGrant={[Function]}
              onResponderMove={[Function]}
              onResponderRelease={[Function]}
              onResponderTerminate={[Function]}
              onResponderTerminationRequest={[Function]}
              onStartShouldSetResponder={[Function]}
              style={
                {
                  "alignItems": "center",
                  "flex": 1,
                  "justifyContent": "center",
                }
              }
            >
              <Text
                className=""
                style={{}}
              >
                7
              </Text>
            </View>
          </View>
        </View>
        <View
          style={
            {
              "width": "14.271428571428572%",
            }
          }
        >
          <View
            style={
              [
                {
                  "minHeight": 45.833333333333336,
                },
                undefined,
              ]
            }
          >
            <View
              accessibilityLabel="8"
              accessibilityRole="button"
              accessibilityState={
                {
                  "busy": undefined,
                  "checked": undefined,
                  "disabled": false,
                  "expanded": undefined,
                  "selected": undefined,
                }
              }
              accessibilityValue={
                {
                  "max": undefined,
                  "min": undefined,
                  "now": undefined,
                  "text": undefined,
                }
              }
              accessible={true}
              className=""
              collapsable={false}
              focusable={true}
              onBlur={[Function]}
              onClick={[Function]}
              onFocus={[Function]}
              onResponderGrant={[Function]}
              onResponderMove={[Function]}
              onResponderRelease={[Function]}
              onResponderTerminate={[Function]}
              onResponderTerminationRequest={[Function]}
              onStartShouldSetResponder={[Function]}
              style={
                {
                  "alignItems": "center",
                  "flex": 1,
                  "justifyContent": "center",
                }
              }
            >
              <Text
                className=""
                style={{}}
              >
                8
              </Text>
            </View>
          </View>
        </View>
        <View
          style={
            {
              "width": "14.271428571428572%",
            }
          }
        >
          <View
            style={
              [
                {
                  "minHeight": 45.833333333333336,
                },
                undefined,
              ]
            }
          >
            <View
              accessibilityLabel="9"
              accessibilityRole="button"
              accessibilityState={
                {
                  "busy": undefined,
                  "checked": undefined,
                  "disabled": false,
                  "expanded": undefined,
                  "selected": undefined,
                }
              }
              accessibilityValue={
                {
                  "max": undefined,
                  "min": undefined,
                  "now": undefined,
                  "text": undefined,
                }
              }
              accessible={true}
              className=""
              collapsable={false}
              focusable={true}
              onBlur={[Function]}
              onClick={[Function]}
              onFocus={[Function]}
              onResponderGrant={[Function]}
              onResponderMove={[Function]}
              onResponderRelease={[Function]}
              onResponderTerminate={[Function]}
              onResponderTerminationRequest={[Function]}
              onStartShouldSetResponder={[Function]}
              style={
                {
                  "alignItems": "center",
                  "flex": 1,
                  "justifyContent": "center",
                }
              }
            >
              <Text
                className=""
                style={{}}
              >
                9
              </Text>
            </View>
          </View>
        </View>
        <View
          style={
            {
              "width": "14.271428571428572%",
            }
          }
        >
          <View
            style={
              [
                {
                  "minHeight": 45.833333333333336,
                },
                undefined,
              ]
            }
          >
            <View
              accessibilityLabel="10"
              accessibilityRole="button"
              accessibilityState={
                {
                  "busy": undefined,
                  "checked": undefined,
                  "disabled": false,
                  "expanded": undefined,
                  "selected": undefined,
                }
              }
              accessibilityValue={
                {
                  "max": undefined,
                  "min": undefined,
                  "now": undefined,
                  "text": undefined,
                }
              }
              accessible={true}
              className=""
              collapsable={false}
              focusable={true}
              onBlur={[Function]}
              onClick={[Function]}
              onFocus={[Function]}
              onResponderGrant={[Function]}
              onResponderMove={[Function]}
              onResponderRelease={[Function]}
              onResponderTerminate={[Function]}
              onResponderTerminationRequest={[Function]}
              onStartShouldSetResponder={[Function]}
              style={
                {
                  "alignItems": "center",
                  "flex": 1,
                  "justifyContent": "center",
                }
              }
            >
              <Text
                className=""
                style={{}}
              >
                10
              </Text>
            </View>
          </View>
        </View>
        <View
          style={
            {
              "width": "14.271428571428572%",
            }
          }
        >
          <View
            style={
              [
                {
                  "minHeight": 45.833333333333336,
                },
                undefined,
              ]
            }
          >
            <View
              accessibilityLabel="11"
              accessibilityRole="button"
              accessibilityState={
                {
                  "busy": undefined,
                  "checked": undefined,
                  "disabled": false,
                  "expanded": undefined,
                  "selected": undefined,
                }
              }
              accessibilityValue={
                {
                  "max": undefined,
                  "min": undefined,
                  "now": undefined,
                  "text": undefined,
                }
              }
              accessible={true}
              className=""
              collapsable={false}
              focusable={true}
              onBlur={[Function]}
              onClick={[Function]}
              onFocus={[Function]}
              onResponderGrant={[Function]}
              onResponderMove={[Function]}
              onResponderRelease={[Function]}
              onResponderTerminate={[Function]}
              onResponderTerminationRequest={[Function]}
              onStartShouldSetResponder={[Function]}
              style={
                {
                  "alignItems": "center",
                  "flex": 1,
                  "justifyContent": "center",
                }
              }
            >
              <Text
                className=""
                style={{}}
              >
                11
              </Text>
            </View>
          </View>
        </View>
        <View
          style={
            {
              "width": "14.271428571428572%",
            }
          }
        >
          <View
            style={
              [
                {
                  "minHeight": 45.833333333333336,
                },
                undefined,
              ]
            }
          >
            <View
              accessibilityLabel="12"
              accessibilityRole="button"
              accessibilityState={
                {
                  "busy": undefined,
                  "checked": undefined,
                  "disabled": false,
                  "expanded": undefined,
                  "selected": undefined,
                }
              }
              accessibilityValue={
                {
                  "max": undefined,
                  "min": undefined,
                  "now": undefined,
                  "text": undefined,
                }
              }
              accessible={true}
              className=""
              collapsable={false}
              focusable={true}
              onBlur={[Function]}
              onClick={[Function]}
              onFocus={[Function]}
              onResponderGrant={[Function]}
              onResponderMove={[Function]}
              onResponderRelease={[Function]}
              onResponderTerminate={[Function]}
              onResponderTerminationRequest={[Function]}
              onStartShouldSetResponder={[Function]}
              style={
                {
                  "alignItems": "center",
                  "flex": 1,
                  "justifyContent": "center",
                }
              }
            >
              <Text
                className=""
                style={{}}
              >
                12
              </Text>
            </View>
          </View>
        </View>
        <View
          style={
            {
              "width": "14.271428571428572%",
            }
          }
        >
          <View
            style={
              [
                {
                  "minHeight": 45.833333333333336,
                },
                undefined,
              ]
            }
          >
            <View
              accessibilityLabel="13"
              accessibilityRole="button"
              accessibilityState={
                {
                  "busy": undefined,
                  "checked": undefined,
                  "disabled": false,
                  "expanded": undefined,
                  "selected": undefined,
                }
              }
              accessibilityValue={
                {
                  "max": undefined,
                  "min": undefined,
                  "now": undefined,
                  "text": undefined,
                }
              }
              accessible={true}
              className=""
              collapsable={false}
              focusable={true}
              onBlur={[Function]}
              onClick={[Function]}
              onFocus={[Function]}
              onResponderGrant={[Function]}
              onResponderMove={[Function]}
              onResponderRelease={[Function]}
              onResponderTerminate={[Function]}
              onResponderTerminationRequest={[Function]}
              onStartShouldSetResponder={[Function]}
              style={
                {
                  "alignItems": "center",
                  "flex": 1,
                  "justifyContent": "center",
                }
              }
            >
              <Text
                className=""
                style={{}}
              >
                13
              </Text>
            </View>
          </View>
        </View>
        <View
          style={
            {
              "width": "14.271428571428572%",
            }
          }
        >
          <View
            style={
              [
                {
                  "minHeight": 45.833333333333336,
                },
                undefined,
              ]
            }
          >
            <View
              accessibilityLabel="14"
              accessibilityRole="button"
              accessibilityState={
                {
                  "busy": undefined,
                  "checked": undefined,
                  "disabled": false,
                  "expanded": undefined,
                  "selected": undefined,
                }
              }
              accessibilityValue={
                {
                  "max": undefined,
                  "min": undefined,
                  "now": undefined,
                  "text": undefined,
                }
              }
              accessible={true}
              className=""
              collapsable={false}
              focusable={true}
              onBlur={[Function]}
              onClick={[Function]}
              onFocus={[Function]}
              onResponderGrant={[Function]}
              onResponderMove={[Function]}
              onResponderRelease={[Function]}
              onResponderTerminate={[Function]}
              onResponderTerminationRequest={[Function]}
              onStartShouldSetResponder={[Function]}
              style={
                {
                  "alignItems": "center",
                  "flex": 1,
                  "justifyContent": "center",
                }
              }
            >
              <Text
                className=""
                style={{}}
              >
                14
              </Text>
            </View>
          </View>
        </View>
        <View
          style={
            {
              "width": "14.271428571428572%",
            }
          }
        >
          <View
            style={
              [
                {
                  "minHeight": 45.833333333333336,
                },
                undefined,
              ]
            }
          >
            <View
              accessibilityLabel="15"
              accessibilityRole="button"
              accessibilityState={
                {
                  "busy": undefined,
                  "checked": undefined,
                  "disabled": false,
                  "expanded": undefined,
                  "selected": undefined,
                }
              }
              accessibilityValue={
                {
                  "max": undefined,
                  "min": undefined,
                  "now": undefined,
                  "text": undefined,
                }
              }
              accessible={true}
              className=""
              collapsable={false}
              focusable={true}
              onBlur={[Function]}
              onClick={[Function]}
              onFocus={[Function]}
              onResponderGrant={[Function]}
              onResponderMove={[Function]}
              onResponderRelease={[Function]}
              onResponderTerminate={[Function]}
              onResponderTerminationRequest={[Function]}
              onStartShouldSetResponder={[Function]}
              style={
                {
                  "alignItems": "center",
                  "flex": 1,
                  "justifyContent": "center",
                }
              }
            >
              <Text
                className=""
                style={{}}
              >
                15
              </Text>
            </View>
          </View>
        </View>
        <View
          style={
            {
              "width": "14.271428571428572%",
            }
          }
        >
          <View
            style={
              [
                {
                  "minHeight": 45.833333333333336,
                },
                undefined,
              ]
            }
          >
            <View
              accessibilityLabel="16"
              accessibilityRole="button"
              accessibilityState={
                {
                  "busy": undefined,
                  "checked": undefined,
                  "disabled": false,
                  "expanded": undefined,
                  "selected": undefined,
                }
              }
              accessibilityValue={
                {
                  "max": undefined,
                  "min": undefined,
                  "now": undefined,
                  "text": undefined,
                }
              }
              accessible={true}
              className=""
              collapsable={false}
              focusable={true}
              onBlur={[Function]}
              onClick={[Function]}
              onFocus={[Function]}
              onResponderGrant={[Function]}
              onResponderMove={[Function]}
              onResponderRelease={[Function]}
              onResponderTerminate={[Function]}
              onResponderTerminationRequest={[Function]}
              onStartShouldSetResponder={[Function]}
              style={
                {
                  "alignItems": "center",
                  "flex": 1,
                  "justifyContent": "center",
                }
              }
            >
              <Text
                className=""
                style={{}}
              >
                16
              </Text>
            </View>
          </View>
        </View>
        <View
          style={
            {
              "width": "14.271428571428572%",
            }
          }
        >
          <View
            style={
              [
                {
                  "minHeight": 45.833333333333336,
                },
                undefined,
              ]
            }
          >
            <View
              accessibilityLabel="17"
              accessibilityRole="button"
              accessibilityState={
                {
                  "busy": undefined,
                  "checked": undefined,
                  "disabled": false,
                  "expanded": undefined,
                  "selected": undefined,
                }
              }
              accessibilityValue={
                {
                  "max": undefined,
                  "min": undefined,
                  "now": undefined,
                  "text": undefined,
                }
              }
              accessible={true}
              className=""
              collapsable={false}
              focusable={true}
              onBlur={[Function]}
              onClick={[Function]}
              onFocus={[Function]}
              onResponderGrant={[Function]}
              onResponderMove={[Function]}
              onResponderRelease={[Function]}
              onResponderTerminate={[Function]}
              onResponderTerminationRequest={[Function]}
              onStartShouldSetResponder={[Function]}
              style={
                {
                  "alignItems": "center",
                  "flex": 1,
                  "justifyContent": "center",
                }
              }
            >
              <Text
                className=""
                style={{}}
              >
                17
              </Text>
            </View>
          </View>
        </View>
        <View
          style={
            {
              "width": "14.271428571428572%",
            }
          }
        >
          <View
            style={
              [
                {
                  "minHeight": 45.833333333333336,
                },
                undefined,
              ]
            }
          >
            <View
              accessibilityLabel="18"
              accessibilityRole="button"
              accessibilityState={
                {
                  "busy": undefined,
                  "checked": undefined,
                  "disabled": false,
                  "expanded": undefined,
                  "selected": undefined,
                }
              }
              accessibilityValue={
                {
                  "max": undefined,
                  "min": undefined,
                  "now": undefined,
                  "text": undefined,
                }
              }
              accessible={true}
              className=""
              collapsable={false}
              focusable={true}
              onBlur={[Function]}
              onClick={[Function]}
              onFocus={[Function]}
              onResponderGrant={[Function]}
              onResponderMove={[Function]}
              onResponderRelease={[Function]}
              onResponderTerminate={[Function]}
              onResponderTerminationRequest={[Function]}
              onStartShouldSetResponder={[Function]}
              style={
                {
                  "alignItems": "center",
                  "flex": 1,
                  "justifyContent": "center",
                }
              }
            >
              <Text
                className=""
                style={{}}
              >
                18
              </Text>
            </View>
          </View>
        </View>
        <View
          style={
            {
              "width": "14.271428571428572%",
            }
          }
        >
          <View
            style={
              [
                {
                  "minHeight": 45.833333333333336,
                },
                undefined,
              ]
            }
          >
            <View
              accessibilityLabel="19"
              accessibilityRole="button"
              accessibilityState={
                {
                  "busy": undefined,
                  "checked": undefined,
                  "disabled": false,
                  "expanded": undefined,
                  "selected": undefined,
                }
              }
              accessibilityValue={
                {
                  "max": undefined,
                  "min": undefined,
                  "now": undefined,
                  "text": undefined,
                }
              }
              accessible={true}
              className=""
              collapsable={false}
              focusable={true}
              onBlur={[Function]}
              onClick={[Function]}
              onFocus={[Function]}
              onResponderGrant={[Function]}
              onResponderMove={[Function]}
              onResponderRelease={[Function]}
              onResponderTerminate={[Function]}
              onResponderTerminationRequest={[Function]}
              onStartShouldSetResponder={[Function]}
              style={
                {
                  "alignItems": "center",
                  "flex": 1,
                  "justifyContent": "center",
                }
              }
            >
              <Text
                className=""
                style={{}}
              >
                19
              </Text>
            </View>
          </View>
        </View>
        <View
          style={
            {
              "width": "14.271428571428572%",
            }
          }
        >
          <View
            style={
              [
                {
                  "minHeight": 45.833333333333336,
                },
                undefined,
              ]
            }
          >
            <View
              accessibilityLabel="20"
              accessibilityRole="button"
              accessibilityState={
                {
                  "busy": undefined,
                  "checked": undefined,
                  "disabled": false,
                  "expanded": undefined,
                  "selected": undefined,
                }
              }
              accessibilityValue={
                {
                  "max": undefined,
                  "min": undefined,
                  "now": undefined,
                  "text": undefined,
                }
              }
              accessible={true}
              className=""
              collapsable={false}
              focusable={true}
              onBlur={[Function]}
              onClick={[Function]}
              onFocus={[Function]}
              onResponderGrant={[Function]}
              onResponderMove={[Function]}
              onResponderRelease={[Function]}
              onResponderTerminate={[Function]}
              onResponderTerminationRequest={[Function]}
              onStartShouldSetResponder={[Function]}
              style={
                {
                  "alignItems": "center",
                  "flex": 1,
                  "justifyContent": "center",
                }
              }
            >
              <Text
                className=""
                style={{}}
              >
                20
              </Text>
            </View>
          </View>
        </View>
        <View
          style={
            {
              "width": "14.271428571428572%",
            }
          }
        >
          <View
            style={
              [
                {
                  "minHeight": 45.833333333333336,
                },
                undefined,
              ]
            }
          >
            <View
              accessibilityLabel="21"
              accessibilityRole="button"
              accessibilityState={
                {
                  "busy": undefined,
                  "checked": undefined,
                  "disabled": false,
                  "expanded": undefined,
                  "selected": undefined,
                }
              }
              accessibilityValue={
                {
                  "max": undefined,
                  "min": undefined,
                  "now": undefined,
                  "text": undefined,
                }
              }
              accessible={true}
              className=""
              collapsable={false}
              focusable={true}
              onBlur={[Function]}
              onClick={[Function]}
              onFocus={[Function]}
              onResponderGrant={[Function]}
              onResponderMove={[Function]}
              onResponderRelease={[Function]}
              onResponderTerminate={[Function]}
              onResponderTerminationRequest={[Function]}
              onStartShouldSetResponder={[Function]}
              style={
                {
                  "alignItems": "center",
                  "flex": 1,
                  "justifyContent": "center",
                }
              }
            >
              <Text
                className=""
                style={{}}
              >
                21
              </Text>
            </View>
          </View>
        </View>
        <View
          style={
            {
              "width": "14.271428571428572%",
            }
          }
        >
          <View
            style={
              [
                {
                  "minHeight": 45.833333333333336,
                },
                undefined,
              ]
            }
          >
            <View
              accessibilityLabel="22"
              accessibilityRole="button"
              accessibilityState={
                {
                  "busy": undefined,
                  "checked": undefined,
                  "disabled": false,
                  "expanded": undefined,
                  "selected": undefined,
                }
              }
              accessibilityValue={
                {
                  "max": undefined,
                  "min": undefined,
                  "now": undefined,
                  "text": undefined,
                }
              }
              accessible={true}
              className=""
              collapsable={false}
              focusable={true}
              onBlur={[Function]}
              onClick={[Function]}
              onFocus={[Function]}
              onResponderGrant={[Function]}
              onResponderMove={[Function]}
              onResponderRelease={[Function]}
              onResponderTerminate={[Function]}
              onResponderTerminationRequest={[Function]}
              onStartShouldSetResponder={[Function]}
              style={
                {
                  "alignItems": "center",
                  "flex": 1,
                  "justifyContent": "center",
                }
              }
            >
              <Text
                className=""
                style={{}}
              >
                22
              </Text>
            </View>
          </View>
        </View>
        <View
          style={
            {
              "width": "14.271428571428572%",
            }
          }
        >
          <View
            style={
              [
                {
                  "minHeight": 45.833333333333336,
                },
                undefined,
              ]
            }
          >
            <View
              accessibilityLabel="23"
              accessibilityRole="button"
              accessibilityState={
                {
                  "busy": undefined,
                  "checked": undefined,
                  "disabled": false,
                  "expanded": undefined,
                  "selected": undefined,
                }
              }
              accessibilityValue={
                {
                  "max": undefined,
                  "min": undefined,
                  "now": undefined,
                  "text": undefined,
                }
              }
              accessible={true}
              className=""
              collapsable={false}
              focusable={true}
              onBlur={[Function]}
              onClick={[Function]}
              onFocus={[Function]}
              onResponderGrant={[Function]}
              onResponderMove={[Function]}
              onResponderRelease={[Function]}
              onResponderTerminate={[Function]}
              onResponderTerminationRequest={[Function]}
              onStartShouldSetResponder={[Function]}
              style={
                {
                  "alignItems": "center",
                  "flex": 1,
                  "justifyContent": "center",
                }
              }
            >
              <Text
                className=""
                style={{}}
              >
                23
              </Text>
            </View>
          </View>
        </View>
        <View
          style={
            {
              "width": "14.271428571428572%",
            }
          }
        >
          <View
            style={
              [
                {
                  "minHeight": 45.833333333333336,
                },
                undefined,
              ]
            }
          >
            <View
              accessibilityLabel="24"
              accessibilityRole="button"
              accessibilityState={
                {
                  "busy": undefined,
                  "checked": undefined,
                  "disabled": false,
                  "expanded": undefined,
                  "selected": undefined,
                }
              }
              accessibilityValue={
                {
                  "max": undefined,
                  "min": undefined,
                  "now": undefined,
                  "text": undefined,
                }
              }
              accessible={true}
              className=""
              collapsable={false}
              focusable={true}
              onBlur={[Function]}
              onClick={[Function]}
              onFocus={[Function]}
              onResponderGrant={[Function]}
              onResponderMove={[Function]}
              onResponderRelease={[Function]}
              onResponderTerminate={[Function]}
              onResponderTerminationRequest={[Function]}
              onStartShouldSetResponder={[Function]}
              style={
                {
                  "alignItems": "center",
                  "flex": 1,
                  "justifyContent": "center",
                }
              }
            >
              <Text
                className=""
                style={{}}
              >
                24
              </Text>
            </View>
          </View>
        </View>
        <View
          style={
            {
              "width": "14.271428571428572%",
            }
          }
        >
          <View
            style={
              [
                {
                  "minHeight": 45.833333333333336,
                },
                undefined,
              ]
            }
          >
            <View
              accessibilityLabel="25"
              accessibilityRole="button"
              accessibilityState={
                {
                  "busy": undefined,
                  "checked": undefined,
                  "disabled": false,
                  "expanded": undefined,
                  "selected": undefined,
                }
              }
              accessibilityValue={
                {
                  "max": undefined,
                  "min": undefined,
                  "now": undefined,
                  "text": undefined,
                }
              }
              accessible={true}
              className=""
              collapsable={false}
              focusable={true}
              onBlur={[Function]}
              onClick={[Function]}
              onFocus={[Function]}
              onResponderGrant={[Function]}
              onResponderMove={[Function]}
              onResponderRelease={[Function]}
              onResponderTerminate={[Function]}
              onResponderTerminationRequest={[Function]}
              onStartShouldSetResponder={[Function]}
              style={
                {
                  "alignItems": "center",
                  "flex": 1,
                  "justifyContent": "center",
                }
              }
            >
              <Text
                className=""
                style={{}}
              >
                25
              </Text>
            </View>
          </View>
        </View>
        <View
          style={
            {
              "width": "14.271428571428572%",
            }
          }
        >
          <View
            style={
              [
                {
                  "minHeight": 45.833333333333336,
                },
                undefined,
              ]
            }
          >
            <View
              accessibilityLabel="26"
              accessibilityRole="button"
              accessibilityState={
                {
                  "busy": undefined,
                  "checked": undefined,
                  "disabled": false,
                  "expanded": undefined,
                  "selected": undefined,
                }
              }
              accessibilityValue={
                {
                  "max": undefined,
                  "min": undefined,
                  "now": undefined,
                  "text": undefined,
                }
              }
              accessible={true}
              className=""
              collapsable={false}
              focusable={true}
              onBlur={[Function]}
              onClick={[Function]}
              onFocus={[Function]}
              onResponderGrant={[Function]}
              onResponderMove={[Function]}
              onResponderRelease={[Function]}
              onResponderTerminate={[Function]}
              onResponderTerminationRequest={[Function]}
              onStartShouldSetResponder={[Function]}
              style={
                {
                  "alignItems": "center",
                  "flex": 1,
                  "justifyContent": "center",
                }
              }
            >
              <Text
                className=""
                style={{}}
              >
                26
              </Text>
            </View>
          </View>
        </View>
        <View
          style={
            {
              "width": "14.271428571428572%",
            }
          }
        >
          <View
            style={
              [
                {
                  "minHeight": 45.833333333333336,
                },
                undefined,
              ]
            }
          >
            <View
              accessibilityLabel="27"
              accessibilityRole="button"
              accessibilityState={
                {
                  "busy": undefined,
                  "checked": undefined,
                  "disabled": false,
                  "expanded": undefined,
                  "selected": undefined,
                }
              }
              accessibilityValue={
                {
                  "max": undefined,
                  "min": undefined,
                  "now": undefined,
                  "text": undefined,
                }
              }
              accessible={true}
              className=""
              collapsable={false}
              focusable={true}
              onBlur={[Function]}
              onClick={[Function]}
              onFocus={[Function]}
              onResponderGrant={[Function]}
              onResponderMove={[Function]}
              onResponderRelease={[Function]}
              onResponderTerminate={[Function]}
              onResponderTerminationRequest={[Function]}
              onStartShouldSetResponder={[Function]}
              style={
                {
                  "alignItems": "center",
                  "flex": 1,
                  "justifyContent": "center",
                }
              }
            >
              <Text
                className=""
                style={{}}
              >
                27
              </Text>
            </View>
          </View>
        </View>
        <View
          style={
            {
              "width": "14.271428571428572%",
            }
          }
        >
          <View
            style={
              [
                {
                  "minHeight": 45.833333333333336,
                },
                undefined,
              ]
            }
          >
            <View
              accessibilityLabel="28"
              accessibilityRole="button"
              accessibilityState={
                {
                  "busy": undefined,
                  "checked": undefined,
                  "disabled": false,
                  "expanded": undefined,
                  "selected": undefined,
                }
              }
              accessibilityValue={
                {
                  "max": undefined,
                  "min": undefined,
                  "now": undefined,
                  "text": undefined,
                }
              }
              accessible={true}
              className=""
              collapsable={false}
              focusable={true}
              onBlur={[Function]}
              onClick={[Function]}
              onFocus={[Function]}
              onResponderGrant={[Function]}
              onResponderMove={[Function]}
              onResponderRelease={[Function]}
              onResponderTerminate={[Function]}
              onResponderTerminationRequest={[Function]}
              onStartShouldSetResponder={[Function]}
              style={
                {
                  "alignItems": "center",
                  "flex": 1,
                  "justifyContent": "center",
                }
              }
            >
              <Text
                className=""
                style={{}}
              >
                28
              </Text>
            </View>
          </View>
        </View>
        <View
          style={
            {
              "width": "14.271428571428572%",
            }
          }
        >
          <View
            style={
              [
                {
                  "minHeight": 45.833333333333336,
                },
                undefined,
              ]
            }
          >
            <View
              accessibilityLabel="29"
              accessibilityRole="button"
              accessibilityState={
                {
                  "busy": undefined,
                  "checked": undefined,
                  "disabled": false,
                  "expanded": undefined,
                  "selected": undefined,
                }
              }
              accessibilityValue={
                {
                  "max": undefined,
                  "min": undefined,
                  "now": undefined,
                  "text": undefined,
                }
              }
              accessible={true}
              className=""
              collapsable={false}
              focusable={true}
              onBlur={[Function]}
              onClick={[Function]}
              onFocus={[Function]}
              onResponderGrant={[Function]}
              onResponderMove={[Function]}
              onResponderRelease={[Function]}
              onResponderTerminate={[Function]}
              onResponderTerminationRequest={[Function]}
              onStartShouldSetResponder={[Function]}
              style={
                {
                  "alignItems": "center",
                  "flex": 1,
                  "justifyContent": "center",
                }
              }
            >
              <Text
                className=""
                style={{}}
              >
                29
              </Text>
            </View>
          </View>
        </View>
        <View
          style={
            {
              "width": "14.271428571428572%",
            }
          }
        >
          <View
            style={
              [
                {
                  "minHeight": 45.833333333333336,
                },
                undefined,
              ]
            }
          >
            <View
              accessibilityLabel="30"
              accessibilityRole="button"
              accessibilityState={
                {
                  "busy": undefined,
                  "checked": undefined,
                  "disabled": false,
                  "expanded": undefined,
                  "selected": undefined,
                }
              }
              accessibilityValue={
                {
                  "max": undefined,
                  "min": undefined,
                  "now": undefined,
                  "text": undefined,
                }
              }
              accessible={true}
              className=""
              collapsable={false}
              focusable={true}
              onBlur={[Function]}
              onClick={[Function]}
              onFocus={[Function]}
              onResponderGrant={[Function]}
              onResponderMove={[Function]}
              onResponderRelease={[Function]}
              onResponderTerminate={[Function]}
              onResponderTerminationRequest={[Function]}
              onStartShouldSetResponder={[Function]}
              style={
                {
                  "alignItems": "center",
                  "flex": 1,
                  "justifyContent": "center",
                }
              }
            >
              <Text
                className=""
                style={{}}
              >
                30
              </Text>
            </View>
          </View>
        </View>
        <View
          style={
            {
              "width": "14.271428571428572%",
            }
          }
        >
          <View
            style={
              [
                {
                  "minHeight": 45.833333333333336,
                },
                undefined,
              ]
            }
          >
            <View
              accessibilityLabel="31"
              accessibilityRole="button"
              accessibilityState={
                {
                  "busy": undefined,
                  "checked": undefined,
                  "disabled": false,
                  "expanded": undefined,
                  "selected": undefined,
                }
              }
              accessibilityValue={
                {
                  "max": undefined,
                  "min": undefined,
                  "now": undefined,
                  "text": undefined,
                }
              }
              accessible={true}
              className=""
              collapsable={false}
              focusable={true}
              onBlur={[Function]}
              onClick={[Function]}
              onFocus={[Function]}
              onResponderGrant={[Function]}
              onResponderMove={[Function]}
              onResponderRelease={[Function]}
              onResponderTerminate={[Function]}
              onResponderTerminationRequest={[Function]}
              onStartShouldSetResponder={[Function]}
              style={
                {
                  "alignItems": "center",
                  "flex": 1,
                  "justifyContent": "center",
                }
              }
            >
              <Text
                className=""
                style={{}}
              >
                31
              </Text>
            </View>
          </View>
        </View>
      </View>
    </View>
  </View>
</View>
`;
